// Jest Snapshot v1, https://goo.gl/fbAQLP

exports[`the table renders row correctly with the data and correct looks 1`] = `
<table
  class="table-fixed min-w-360px w-96 sm:w-3/5 xl:w-2/5 "
>
  <thead
    class="table-header-group"
  >
    <tr>
      <th
        class="flex mb-4"
      >
        <span
          class="bg-gradient-to-r from-indigo-500 rounded-lg grow text-white flex pt-2 pl-3"
        >
          What you'll do today
        </span>
        <div
          class="w-12"
        >
          <button
            class="p-2 rounded-full w-10 h-10 disabled:opacity-50 disabled:cursor-not-allowed
			 bg-blue-300 hover:bg-blue-400"
            data-testid="button-add"
            type="button"
          >
            <img
              alt="add-button"
              class="w-full"
              data-nimg="1"
              decoding="async"
              height="40"
              loading="lazy"
              src="/_next/image?url=%2Fimg.jpg&w=96&q=75"
              srcset="/_next/image?url=%2Fimg.jpg&w=48&q=75 1x, /_next/image?url=%2Fimg.jpg&w=96&q=75 2x"
              style="color: transparent;"
              width="40"
            />
          </button>
        </div>
      </th>
    </tr>
  </thead>
  <tbody>
    <tr
      class="group w-full flex border-b-2"
    >
      <td
        class="pl-2 grow min-w-0 self-center"
      >
        <span
          class="truncate block min-w-0"
        >
          write tests
        </span>
      </td>
      <td
        class="w-22 flex gap-1 justify-around opacity-0 transition-opacity ease-in duration-200 group-hover:opacity-100"
      >
        <button
          class="p-2 rounded-full w-10 h-10 disabled:opacity-50 disabled:cursor-not-allowed
			 bg-red-400 border-red-400 hover:bg-red-600"
          data-testid="button-delete"
          type="button"
        >
          <img
            alt="delete-button"
            class="w-full"
            data-nimg="1"
            decoding="async"
            height="40"
            loading="lazy"
            src="/_next/image?url=%2Fimg.jpg&w=96&q=75"
            srcset="/_next/image?url=%2Fimg.jpg&w=48&q=75 1x, /_next/image?url=%2Fimg.jpg&w=96&q=75 2x"
            style="color: transparent;"
            width="40"
          />
        </button>
        <button
          class="p-2 rounded-full w-10 h-10 disabled:opacity-50 disabled:cursor-not-allowed
			 bg-blue-300 hover:bg-blue-400"
          data-testid="button-edit"
          type="button"
        >
          <img
            alt="edit-button"
            class="w-full"
            data-nimg="1"
            decoding="async"
            height="40"
            loading="lazy"
            src="/_next/image?url=%2Fimg.jpg&w=96&q=75"
            srcset="/_next/image?url=%2Fimg.jpg&w=48&q=75 1x, /_next/image?url=%2Fimg.jpg&w=96&q=75 2x"
            style="color: transparent;"
            width="40"
          />
        </button>
      </td>
    </tr>
    <tr
      class="group w-full flex "
    >
      <td
        class="pl-2 grow min-w-0 self-center"
      >
        <span
          class="truncate block min-w-0"
        >
          make the storybook
        </span>
      </td>
      <td
        class="w-22 flex gap-1 justify-around opacity-0 transition-opacity ease-in duration-200 group-hover:opacity-100"
      >
        <button
          class="p-2 rounded-full w-10 h-10 disabled:opacity-50 disabled:cursor-not-allowed
			 bg-red-400 border-red-400 hover:bg-red-600"
          data-testid="button-delete"
          type="button"
        >
          <img
            alt="delete-button"
            class="w-full"
            data-nimg="1"
            decoding="async"
            height="40"
            loading="lazy"
            src="/_next/image?url=%2Fimg.jpg&w=96&q=75"
            srcset="/_next/image?url=%2Fimg.jpg&w=48&q=75 1x, /_next/image?url=%2Fimg.jpg&w=96&q=75 2x"
            style="color: transparent;"
            width="40"
          />
        </button>
        <button
          class="p-2 rounded-full w-10 h-10 disabled:opacity-50 disabled:cursor-not-allowed
			 bg-blue-300 hover:bg-blue-400"
          data-testid="button-edit"
          type="button"
        >
          <img
            alt="edit-button"
            class="w-full"
            data-nimg="1"
            decoding="async"
            height="40"
            loading="lazy"
            src="/_next/image?url=%2Fimg.jpg&w=96&q=75"
            srcset="/_next/image?url=%2Fimg.jpg&w=48&q=75 1x, /_next/image?url=%2Fimg.jpg&w=96&q=75 2x"
            style="color: transparent;"
            width="40"
          />
        </button>
      </td>
    </tr>
  </tbody>
</table>
`;
